// Jest Snapshot v1, https://goo.gl/fbAQLP

exports[`should render the editexpense page component correctly 1`] = `
<div>
  <ExpenseForm
    expense={
      Object {
        "amount": 9500,
        "createdAt": 345600000,
        "description": "machinery",
        "id": "3",
        "note": "",
      }
    }
    onSubmit={[Function]}
  />
  <button
    onClick={[Function]}
  >
    Remove
  </button>
</div>
`;
