// Jest Snapshot v1, https://goo.gl/fbAQLP

exports[`should render ExpensesList with expenses 1`] = `
<div>
  <Connect(ExpenseListItem)
    amount={195}
    createdAt={0}
    description="gum"
    id="1"
    key="1"
    note=""
  />
  <Connect(ExpenseListItem)
    amount={109500}
    createdAt={-345600000}
    description="rent"
    id="2"
    key="2"
    note=""
  />
  <Connect(ExpenseListItem)
    amount={9500}
    createdAt={345600000}
    description="machinery"
    id="3"
    key="3"
    note=""
  />
</div>
`;

exports[`should render No Expenses when there is no expense 1`] = `
<div>
  <p>
    No Expenses
  </p>
</div>
`;
