// Jest Snapshot v1, https://goo.gl/fbAQLP

exports[`should render the expenses list item 1`] = `
<div>
  <h3>
    gum
  </h3>
  <p>
    195
     - 
    0
  </p>
  <button
    onClick={[Function]}
  >
    Remove
  </button>
  <Link
    replace={false}
    to="/edit/1"
  >
    Edit
  </Link>
</div>
`;
