// Jest Snapshot v1, https://goo.gl/fbAQLP

exports[`should render the help page correctly 1`] = `
<div>
  this is the help page
</div>
`;
